[0.027s][info][gc] Using Serial
[3.692s][info][gc] GC(0) Pause Young (Allocation Failure) 4M->2M(15M) 6.283ms
[3.917s][info][gc] GC(1) Pause Young (Allocation Failure) 6M->2M(15M) 5.523ms
[4.089s][info][gc] GC(2) Pause Young (Allocation Failure) 7M->3M(15M) 6.464ms
[4.410s][info][gc] GC(3) Pause Young (Allocation Failure) 8M->4M(15M) 4.905ms
[4.854s][info][gc] GC(4) Pause Young (Allocation Failure) 8M->5M(15M) 6.479ms
[24.963s][info][gc] GC(5) Pause Young (Allocation Failure) 9M->5M(15M) 3.930ms
[37.057s][info][gc] GC(6) Pause Young (Allocation Failure) 9M->7M(15M) 5.164ms
[37.094s][info][gc] GC(7) Pause Young (Allocation Failure) 11M->9M(15M) 8.338ms
[37.135s][info][gc] GC(8) Pause Young (Allocation Failure) 13M->13M(15M) 0.072ms
[37.180s][info][gc] GC(9) Pause Full (Allocation Failure) 13M->8M(15M) 44.158ms
[37.210s][info][gc] GC(10) Pause Young (Allocation Failure) 12M->12M(15M) 0.071ms
[37.250s][info][gc] GC(11) Pause Full (Allocation Failure) 12M->7M(15M) 40.210ms
[37.294s][info][gc] GC(12) Pause Young (Allocation Failure) 11M->9M(15M) 9.995ms
[37.317s][info][gc] GC(13) Pause Young (Allocation Failure) 13M->13M(15M) 0.099ms
[37.359s][info][gc] GC(14) Pause Full (Allocation Failure) 13M->7M(15M) 41.547ms
[42.068s][info][gc] GC(15) Pause Young (Allocation Failure) 12M->10M(15M) 7.800ms
[81.098s][info][gc] GC(16) Pause Young (Allocation Failure) 14M->14M(15M) 0.119ms
[81.129s][info][gc] GC(17) Pause Full (Allocation Failure) 14M->4M(15M) 30.871ms
[108.918s][info][gc] GC(18) Pause Young (Allocation Failure) 9M->5M(15M) 2.779ms
[108.941s][info][gc] GC(19) Pause Young (Allocation Failure) 9M->7M(15M) 6.791ms
[108.981s][info][gc] GC(20) Pause Young (Allocation Failure) 12M->10M(15M) 6.077ms
[108.995s][info][gc] GC(21) Pause Young (Allocation Failure) 14M->14M(15M) 0.075ms
[109.043s][info][gc] GC(22) Pause Full (Allocation Failure) 14M->9M(15M) 47.770ms
[109.068s][info][gc] GC(23) Pause Young (Allocation Failure) 13M->13M(15M) 0.071ms
[109.101s][info][gc] GC(24) Pause Full (Allocation Failure) 13M->6M(15M) 33.811ms
[109.130s][info][gc] GC(25) Pause Young (Allocation Failure) 11M->9M(15M) 11.848ms
[109.155s][info][gc] GC(26) Pause Young (Allocation Failure) 13M->13M(15M) 0.097ms
[109.193s][info][gc] GC(27) Pause Full (Allocation Failure) 13M->7M(15M) 38.204ms
[137.158s][info][gc] GC(28) Pause Young (Allocation Failure) 11M->8M(15M) 4.416ms
[180.194s][info][gc] GC(29) Pause Young (Allocation Failure) 12M->12M(15M) 0.078ms
[180.231s][info][gc] GC(30) Pause Full (Allocation Failure) 12M->3M(15M) 36.610ms
