[0.026s][info][gc] Using Parallel
[1.203s][info][gc] GC(0) Pause Young (Allocation Failure) 3M->1M(11M) 5.849ms
[6.569s][info][gc] GC(1) Pause Young (Allocation Failure) 4M->2M(11M) 3.839ms
[6.732s][info][gc] GC(2) Pause Young (Allocation Failure) 5M->2M(11M) 4.430ms
[6.854s][info][gc] GC(3) Pause Young (Allocation Failure) 5M->3M(11M) 4.564ms
[6.930s][info][gc] GC(4) Pause Young (Allocation Failure) 6M->5M(11M) 6.281ms
[7.299s][info][gc] GC(5) Pause Young (Allocation Failure) 8M->6M(10M) 4.502ms
[7.555s][info][gc] GC(6) Pause Young (Allocation Failure) 8M->6M(11M) 3.480ms
[7.672s][info][gc] GC(7) Pause Young (Allocation Failure) 8M->6M(11M) 3.420ms
[16.725s][info][gc] GC(8) Pause Young (Allocation Failure) 8M->6M(11M) 2.332ms
[16.759s][info][gc] GC(9) Pause Full (Ergonomics) 6M->4M(11M) 33.437ms
[30.754s][info][gc] GC(10) Pause Young (Allocation Failure) 6M->4M(11M) 0.866ms
[48.788s][info][gc] GC(11) Pause Young (Allocation Failure) 6M->4M(11M) 0.672ms
[57.797s][info][gc] GC(12) Pause Young (Allocation Failure) 6M->5M(11M) 0.924ms
[76.821s][info][gc] GC(13) Pause Young (Allocation Failure) 7M->5M(11M) 5.634ms
[89.543s][info][gc] GC(14) Pause Young (Allocation Failure) 6M->5M(11M) 0.727ms
[89.556s][info][gc] GC(15) Pause Young (Allocation Failure) 7M->6M(11M) 0.841ms
[89.577s][info][gc] GC(16) Pause Young (Allocation Failure) 8M->6M(11M) 0.880ms
[89.619s][info][gc] GC(17) Pause Full (Ergonomics) 6M->5M(11M) 40.904ms
[89.627s][info][gc] GC(18) Pause Young (Allocation Failure) 7M->5M(11M) 0.598ms
[89.632s][info][gc] GC(19) Pause Young (Allocation Failure) 7M->5M(11M) 0.391ms
[89.637s][info][gc] GC(20) Pause Young (Allocation Failure) 7M->6M(11M) 0.433ms
[89.641s][info][gc] GC(21) Pause Young (Allocation Failure) 8M->6M(11M) 0.439ms
[89.646s][info][gc] GC(22) Pause Young (Allocation Failure) 7M->6M(11M) 0.327ms
[89.650s][info][gc] GC(23) Pause Young (Allocation Failure) 8M->6M(11M) 0.446ms
[89.655s][info][gc] GC(24) Pause Young (Allocation Failure) 8M->6M(11M) 0.447ms
[89.659s][info][gc] GC(25) Pause Young (Allocation Failure) 8M->6M(11M) 0.328ms
[89.663s][info][gc] GC(26) Pause Young (Allocation Failure) 8M->6M(11M) 0.310ms
[89.668s][info][gc] GC(27) Pause Young (Allocation Failure) 8M->6M(11M) 0.397ms
[89.672s][info][gc] GC(28) Pause Young (Allocation Failure) 8M->6M(11M) 0.356ms
[89.676s][info][gc] GC(29) Pause Young (Allocation Failure) 8M->7M(11M) 0.373ms
[92.833s][info][gc] GC(30) Pause Young (Allocation Failure) 9M->7M(11M) 0.958ms
[111.851s][info][gc] GC(31) Pause Young (Allocation Failure) 9M->7M(11M) 0.758ms
[111.879s][info][gc] GC(32) Pause Full (Ergonomics) 7M->4M(11M) 28.121ms
[120.419s][info][gc] GC(33) Pause Young (Allocation Failure) 5M->4M(11M) 7.917ms
[130.744s][info][gc] GC(34) Pause Young (Allocation Failure) 6M->5M(11M) 0.708ms
[148.883s][info][gc] GC(35) Pause Young (Allocation Failure) 7M->5M(11M) 0.665ms
[168.897s][info][gc] GC(36) Pause Young (Allocation Failure) 7M->5M(11M) 0.495ms
[188.744s][info][gc] GC(37) Pause Young (Allocation Failure) 7M->5M(11M) 0.555ms
[198.927s][info][gc] GC(38) Pause Young (Allocation Failure) 7M->6M(11M) 0.626ms
[218.745s][info][gc] GC(39) Pause Young (Allocation Failure) 8M->6M(11M) 0.596ms
[237.964s][info][gc] GC(40) Pause Young (Allocation Failure) 8M->6M(11M) 0.482ms
[257.748s][info][gc] GC(41) Pause Young (Allocation Failure) 8M->6M(11M) 0.606ms
[276.999s][info][gc] GC(42) Pause Young (Allocation Failure) 8M->6M(11M) 0.437ms
[297.017s][info][gc] GC(43) Pause Young (Allocation Failure) 8M->6M(11M) 0.419ms
[316.039s][info][gc] GC(44) Pause Young (Allocation Failure) 8M->6M(11M) 0.582ms
[336.056s][info][gc] GC(45) Pause Young (Allocation Failure) 8M->6M(11M) 0.527ms
[356.077s][info][gc] GC(46) Pause Young (Allocation Failure) 8M->6M(11M) 0.494ms
[376.093s][info][gc] GC(47) Pause Young (Allocation Failure) 8M->6M(11M) 0.588ms
